[categorias/developer/index.html]
[backblue.gif]
[fade.gif]
[index.html]
[bslthemes.com/bslthms-advanced-btns/assets/style.css]
[categorias/developer/wp-content/cache/autoptimize/3/css/autoptimize_single_d6c4c5774dd10fdbd9078ae08570a86d.css]
[categorias/developer/wp-content/cache/autoptimize/3/css/autoptimize_single_618eb82c8ed8c4daa5af02bf6ec5cf74.css]
[categorias/developer/comments/feed/index.html]
[categorias/developer/wp-content/cache/autoptimize/3/css/autoptimize_single_c4cb8ce92895c980d522733035579fbf.css]
[categorias/developer/feed/index.html]
[categorias/developer/wp-includes/js/jquery/jquery.min.js]
[categorias/developer/wp-content/uploads/sites/3/2023/04/cropped-logo4n-32x32.png]
[categorias/developer/wp-content/uploads/sites/3/2023/04/cropped-logo4n-180x180.png]
[categorias/developer/wp-content/uploads/sites/3/2022/07/dev-bg-1200x800.jpg]
[categorias/developer/wp-content/uploads/sites/3/2022/07/dev-bg-3-1200x812.jpg]
[categorias/developer/wp-content/uploads/sites/3/2022/07/dev-bg-4-1200x744.jpg]
[categorias/developer/wp-content/uploads/sites/3/2022/07/brand3_w-184x62.png]
[categorias/developer/2020/04/28/a-song-and-dance-act/index.html]
[categorias/developer/wp-content/uploads/sites/3/2022/07/brand1_w-184x62.png]
[categorias/developer/2020/04/28/by-spite-about-do-of-allow/index.html]
[categorias/developer/wp-content/uploads/sites/3/2022/07/brand2_w-184x62.png]
[categorias/developer/2020/04/28/music-player-design/index.html]
[categorias/developer/wp-content/uploads/sites/3/2022/07/brand3-184x62.png]
[categorias/developer/2020/04/28/creativity-is-more-than/index.html]
[categorias/developer/2020/04/index.html]
[categorias/developer/wp-content/uploads/sites/3/2022/07/testi1-184x184.jpg]
[categorias/developer/2020/04/28/designing-the-perfect/index.html]
[categorias/developer/category/design/index.html]
[categorias/developer/wp-content/uploads/sites/3/2020/04/rlogo3.png]
[categorias/developer/category/code/index.html]
[categorias/developer/category/music/index.html]
[bslthemes.com/import/ryancv/developer/uploads/2022/07/certificate.jpg]
[categorias/developer/wp-content/uploads/sites/3/2020/04/work1-1.jpg]
[categorias/developer/wp-content/uploads/sites/3/2020/04/work-single1.jpg]
[categorias/developer/wp-content/uploads/sites/3/2020/04/work-single2.jpg]
[categorias/developer/wp-content/uploads/sites/3/2020/04/work-single3.jpg]
[categorias/developer/wp-content/uploads/sites/3/2020/04/work-single4.jpg]
[categorias/developer/wp-content/uploads/sites/3/2020/04/work2-1.jpg]
[categorias/developer/portfolio-archive/weather-mobile-app/index.html]
[categorias/developer/wp-content/uploads/sites/3/2020/04/work3-1.jpg]
[categorias/developer/portfolio-archive/oyyi-furniture-app/index.html]
[categorias/developer/wp-content/uploads/sites/3/2020/04/work-single5.jpg]
[categorias/developer/wp-content/uploads/sites/3/2020/04/work-single6.jpg]
[categorias/developer/wp-content/uploads/sites/3/2020/04/work8.jpg]
[categorias/developer/portfolio-archive/sushi-parlour-app/index.html]
[categorias/developer/wp-content/uploads/sites/3/2020/04/work6.jpg]
[categorias/developer/portfolio-archive/unicode-web-app/index.html]
[categorias/developer/portfolio-archive/sounds-web-app/index.html]
[categorias/developer/wp-content/uploads/sites/3/2020/04/work7.jpg]
[categorias/developer/portfolio-archive/future-web-app/index.html]
[categorias/developer/portfolio-archive/furniture-mobile-app/index.html]
[categorias/developer/wp-content/uploads/sites/3/2020/04/work5-1.jpg]
[categorias/developer/wp-content/uploads/sites/3/2020/04/blog2.jpg]
[categorias/developer/portfolio-archive/chatapp-mobile/index.html]
[categorias/developer/wp-content/uploads/sites/3/2020/04/bg.jpg]
[categorias/developer/wp-content/uploads/sites/3/2020/04/blog3.jpg]
[categorias/developer/wp-content/uploads/sites/3/2020/04/blog1.jpg]
[categorias/developer/wp-content/uploads/sites/3/2022/07/prod2-2-300x300.jpg]
[categorias/developer/product/web-development/index.html]
[categorias/developer/wp-content/uploads/sites/3/2022/07/prod1-2-300x300.jpg]
[categorias/developer/product/branding-marketing/index.html]
[categorias/developer/wp-content/plugins/autoptimize/classes/external/js/lazysizes.min.js]
[categorias/developer/shop/index.html]
[categorias/developer/wp-content/cache/autoptimize/3/css/autoptimize_single_fbba34ef3d106e2dad8146cd58262570.css]
[categorias/developer/wp-content/cache/autoptimize/3/css/autoptimize_single_f2a825d973fcbe719b506d92090a9e95.css]
[categorias/developer/indexbc79.html]
[bslthemes.com/bslthms-advanced-btns/assets/script.js]
[categorias/developer/index3746.html]
[categorias/developer/wp-includes/js/dist/vendor/wp-polyfill-inert.min.js]
[categorias/developer/wp-includes/js/dist/vendor/regenerator-runtime.min.js]
[categorias/developer/wp-includes/js/dist/vendor/wp-polyfill.min.js]
[categorias/developer/wp-includes/js/dist/vendor/react.min.js]
[categorias/developer/wp-includes/js/dist/hooks.min.js]
[categorias/developer/wp-includes/js/dist/deprecated.min.js]
[categorias/developer/wp-includes/js/dist/dom.min.js]
[categorias/developer/wp-includes/js/dist/vendor/react-dom.min.js]
[categorias/developer/wp-includes/js/dist/escape-html.min.js]
[categorias/developer/wp-includes/js/dist/element.min.js]
[categorias/developer/wp-includes/js/dist/is-shallow-equal.min.js]
[categorias/developer/wp-includes/js/dist/i18n.min.js]
[categorias/developer/wp-includes/js/dist/keycodes.min.js]
[categorias/developer/wp-includes/js/dist/priority-queue.min.js]
[categorias/developer/wp-includes/js/dist/compose.min.js]
[categorias/developer/wp-includes/js/dist/private-apis.min.js]
[categorias/developer/wp-includes/js/dist/redux-routine.min.js]
[categorias/developer/wp-includes/js/dist/data.min.js]
[categorias/developer/wp-includes/js/dist/vendor/lodash.min.js]
[categorias/developer/wp-includes/js/dist/url.min.js]
[categorias/developer/wp-includes/js/dist/api-fetch.min.js]
[categorias/developer/wp-includes/js/dist/data-controls.min.js]
[categorias/developer/wp-includes/js/dist/html-entities.min.js]
[categorias/developer/wp-includes/js/dist/notices.min.js]
[categorias/developer/wp-includes/js/dist/dom-ready.min.js]
[categorias/developer/wp-includes/js/dist/a11y.min.js]
[categorias/developer/wp-includes/js/dist/primitives.min.js]
[categorias/developer/wp-includes/js/dist/warning.min.js]
[categorias/developer/index.html]
[bslthemes.com/bslthms-advanced-btns/assets/style.css]
[categorias/developer/wp-content/cache/autoptimize/3/css/autoptimize_single_d6c4c5774dd10fdbd9078ae08570a86d.css]
[categorias/developer/wp-content/cache/autoptimize/3/css/autoptimize_e99bc7bd4af75873808ad38afe527645.css]
[categorias/developer/wp-content/cache/autoptimize/3/js/autoptimize_31a15d2cd493744b7a3814633c6d67cc.js]
[categorias/developer/wp-content/cache/autoptimize/3/css/autoptimize_645e25746732f92ab8912b8a07744c57.css]
[categorias/developer/wp-content/themes/ryancv/assets/images/quote_d.svg]
[categorias/developer/wp-content/cache/autoptimize/3/css/autoptimize_single_618eb82c8ed8c4daa5af02bf6ec5cf74.css]
[categorias/developer/wp-content/cache/autoptimize/3/css/autoptimize_single_c4cb8ce92895c980d522733035579fbf.css]
[categorias/developer/wp-json/oembed/1.0/embedffec.json]
[categorias/developer/wp-json/oembed/1.0/embed5098]
[categorias/developer/wp-content/uploads/sites/3/2023/04/cropped-logo4n-192x192.png]
[categorias/developer/wp-content/uploads/sites/3/2022/07/avatar.png]
[categorias/developer/wp-content/cache/autoptimize/3/css/autoptimize_285b0dbc7b03d1f3a9b9405f80b5e686.css]
[categorias/developer/2020/04/28/by-spite-about-do-of-allow/feed/index.html]
[categorias/developer/author/oleksandr/index.html]
[bslthemes.com/import/ryancv/developer/uploads/2020/04/blog3-300x141.jpg]
[bslthemes.com/import/ryancv/developer/uploads/2020/04/blog2-300x141.jpg]
[categorias/developer/2020/04/28/by-spite-about-do-of-allow/index.html]
[categorias/developer/tag/code/index.html]
[categorias/developer/tag/wordpress/index.html]
[categorias/developer/wp-content/cache/autoptimize/3/js/autoptimize_e2e35c49c3207b1fec51b313371eaeaf.js]
[categorias/developer/tag/plugin/index.html]
[categorias/developer/2020/04/28/by-spite-about-do-of-allow/index267f.html]
[categorias/developer/2020/04/28/by-spite-about-do-of-allow/index94a5.html]
[categorias/developer/2020/04/28/by-spite-about-do-of-allow/index41b7.html]
[categorias/developer/2020/04/28/a-song-and-dance-act/feed/index.html]
[categorias/developer/2020/04/28/a-song-and-dance-act/index.html]
[categorias/developer/2020/04/28/a-song-and-dance-act/index21b4.html]
[categorias/developer/2020/04/28/a-song-and-dance-act/index8e42.html]
[categorias/developer/2020/04/28/music-player-design/feed/index.html]
[categorias/developer/2020/04/28/music-player-design/index.html]
[categorias/developer/2020/04/28/designing-the-perfect/feed/index.html]
[categorias/developer/2020/04/28/music-player-design/index3094.html]
[categorias/developer/2020/04/28/designing-the-perfect/index.html]
[categorias/developer/2020/04/28/creativity-is-more-than/feed/index.html]
[categorias/developer/2020/04/28/creativity-is-more-than/index.html]
[categorias/developer/wp-content/uploads/sites/3/2020/04/bg-1000x660.jpg]
[categorias/developer/2020/04/index.html]
[categorias/developer/category/code/index.html]
[categorias/developer/2020/04/28/creativity-is-more-than/index0e22.html]
[categorias/developer/category/design/index.html]
[categorias/developer/wp-content/cache/autoptimize/3/js/autoptimize_c95bac88db69001597aedd6aa9ceb611.js]
[categorias/developer/category/music/index.html]
[categorias/developer/wp-content/uploads/sites/3/2022/07/testi2-184x184.jpg]
[categorias/developer/category/design/feed/index.html]
[categorias/developer/category/code/feed/index.html]
[categorias/developer/category/music/feed/index.html]
[categorias/developer/wp-content/uploads/sites/3/2022/07/brand3_w.png]
[categorias/developer/portfolio-archive/weather-mobile-app/index.html]
[categorias/developer/wp-content/cache/autoptimize/3/css/autoptimize_single_472a3247350582c1c2bf7e3e5c8a0923.css]
[categorias/developer/portfolio-archive/oyyi-furniture-app/index.html]
[categorias/developer/wp-content/cache/autoptimize/3/css/autoptimize_single_d3c639a0656d076ff0fd90df5c7d2948.css]
[categorias/developer/portfolio-archive/sushi-parlour-app/index.html]
[categorias/developer/portfolio-archive/unicode-web-app/index.html]
[categorias/developer/wp-content/cache/autoptimize/3/css/autoptimize_single_cca23754bd16531287c623386b7d3a99.css]
[categorias/developer/portfolio-archive/sounds-web-app/index.html]
[categorias/developer/wp-content/cache/autoptimize/3/css/autoptimize_single_99a92d29b9e0c4301e4833b735c10c0d.css]
[categorias/developer/portfolio-archive/future-web-app/index.html]
[categorias/developer/wp-content/uploads/sites/3/2020/04/work4-1.jpg]
[categorias/developer/wp-content/cache/autoptimize/3/css/autoptimize_single_c691ed120e2020458673ec48797967d3.css]
[categorias/developer/portfolio-archive/furniture-mobile-app/index.html]
[categorias/developer/wp-content/cache/autoptimize/3/css/autoptimize_single_2db507c6f7d6ad1134378dc868f4cefa.css]
[categorias/developer/portfolio-archive/chatapp-mobile/index.html]
[categorias/developer/wp-content/cache/autoptimize/3/css/autoptimize_49a4057f63644341da08f7329657b6b7.css]
[categorias/developer/product/web-development/feed/index.html]
[categorias/developer/wp-content/uploads/sites/3/2022/07/prod2-2.jpg]
[categorias/developer/wp-content/uploads/sites/3/2022/07/prod2-2-300x249.jpg]
[categorias/developer/product-category/web-development/index.html]
[categorias/developer/product/web-development/index.html]
[categorias/developer/indexbc79.html]
[categorias/developer/product/branding-marketing/feed/index.html]
[categorias/developer/wp-content/uploads/sites/3/2022/07/prod1-2.jpg]
[categorias/developer/wp-content/uploads/sites/3/2022/07/prod1-2-300x249.jpg]
[categorias/developer/product/branding-marketing/index.html]
[categorias/developer/index3746.html]
[categorias/developer/shop/feed/index.html]
[categorias/developer/shop/index.html]
[categorias/developer/shop/indexbc79.html]
[categorias/developer/wp-content/cache/autoptimize/3/css/autoptimize_single_fbba34ef3d106e2dad8146cd58262570.css]
[categorias/developer/wp-content/cache/autoptimize/3/css/autoptimize_single_f2a825d973fcbe719b506d92090a9e95.css]
[categorias/developer/wp-json/index.html]
[categorias/developer/wp-admin/admin-ajaxf809.html]
[categorias/developer/wp-content/themes/ryancv/assets/images/quote.svg]
[categorias/developer/wp-content/themes/ryancv/assets/fonts/ionicons790f.eot]
[categorias/developer/wp-content/cache/autoptimize/3/css/autoptimize_e99bc7bd4af75873808ad38afe527645.css]
[categorias/developer/wp-content/cache/autoptimize/3/css/autoptimize_645e25746732f92ab8912b8a07744c57.css]
[categorias/developer/wp-content/themes/ryancv/assets/images/quote_d.svg]
[categorias/developer/wp-content/cache/autoptimize/3/css/autoptimize_285b0dbc7b03d1f3a9b9405f80b5e686.css]
[categorias/developer/indexb6ad.html]
[categorias/developer/wp-json/oembed/1.0/embed47b1.json]
[categorias/developer/wp-json/oembed/1.0/embedf088]
[categorias/developer/author/oleksandr/index.html]
[categorias/developer/author/oleksandr/feed/index.html]
[categorias/developer/tag/code/index.html]
[categorias/developer/wp-content/themes/ryancv/assets/webfonts/fa-brands-400.eot]
[categorias/developer/author/oleksandr/page/2/index.html]
[categorias/developer/tag/plugin/index.html]
[categorias/developer/tag/code/page/2/index.html]
[categorias/developer/tag/wordpress/index.html]
[categorias/developer/tag/wordpress/page/2/index.html]
[categorias/developer/2020/04/28/by-spite-about-do-of-allow/index267f.html]
[categorias/developer/2020/04/28/by-spite-about-do-of-allow/index94a5.html]
[categorias/developer/2020/04/28/by-spite-about-do-of-allow/index41b7.html]
[categorias/developer/index6f72.html]
[categorias/developer/wp-json/oembed/1.0/embed96c0.json]
[categorias/developer/wp-json/oembed/1.0/embedc377]
[categorias/developer/2020/04/28/a-song-and-dance-act/index21b4.html]
[categorias/developer/2020/04/28/a-song-and-dance-act/index8e42.html]
[categorias/developer/index65d2.html]
[categorias/developer/wp-json/oembed/1.0/embed4553.json]
[categorias/developer/wp-json/oembed/1.0/embedc58f]
[categorias/developer/2020/04/28/music-player-design/index3094.html]
[categorias/developer/index8e15.html]
[categorias/developer/wp-json/oembed/1.0/embede3db.json]
[categorias/developer/wp-json/oembed/1.0/embedc284]
[categorias/developer/index3fbb.html]
[categorias/developer/wp-json/oembed/1.0/embed119e.json]
[categorias/developer/wp-json/oembed/1.0/embedefb1]
[categorias/developer/2020/04/28/creativity-is-more-than/index0e22.html]
[categorias/developer/tag/plugin/page/2/index.html]
[categorias/developer/wp-content/uploads/sites/3/2022/07/brand2_w.png]
[categorias/developer/wp-content/uploads/sites/3/2022/07/certificate.jpeg]
[categorias/developer/2020/04/page/2/index.html]
[categorias/developer/wp-json/oembed/1.0/embedf209.json]
[categorias/developer/wp-json/oembed/1.0/embedf38b]
[categorias/developer/wp-content/cache/autoptimize/3/css/autoptimize_single_372fadf237f61df19b2d9178ea8ac07a.css]
[categorias/developer/wp-content/cache/autoptimize/3/css/autoptimize_single_472a3247350582c1c2bf7e3e5c8a0923.css]
[categorias/developer/indexbde5.html]
[categorias/developer/wp-json/oembed/1.0/embed9ce3.json]
[categorias/developer/wp-content/cache/autoptimize/3/css/autoptimize_single_d3c639a0656d076ff0fd90df5c7d2948.css]
[categorias/developer/indexb135.html]
[categorias/developer/wp-json/oembed/1.0/embed1400.json]
[categorias/developer/wp-json/oembed/1.0/embed0466]
[categorias/developer/indexe839.html]
[categorias/developer/wp-json/oembed/1.0/embedf5d9.json]
[categorias/developer/wp-json/oembed/1.0/embed0c85]
[categorias/developer/wp-content/cache/autoptimize/3/css/autoptimize_single_cca23754bd16531287c623386b7d3a99.css]
[categorias/developer/index8cae.html]
[categorias/developer/wp-json/oembed/1.0/embedbf48.json]
[categorias/developer/wp-json/oembed/1.0/embed83fd]
[categorias/developer/wp-content/cache/autoptimize/3/css/autoptimize_single_99a92d29b9e0c4301e4833b735c10c0d.css]
[categorias/developer/index6cf3.html]
[categorias/developer/wp-json/oembed/1.0/embedae56.json]
[categorias/developer/wp-json/oembed/1.0/embed8729]
[categorias/developer/wp-content/cache/autoptimize/3/css/autoptimize_single_c691ed120e2020458673ec48797967d3.css]
[categorias/developer/indexe2dc.html]
[categorias/developer/wp-json/oembed/1.0/embedea2d.json]
[categorias/developer/wp-json/oembed/1.0/embede831]
[categorias/developer/wp-content/cache/autoptimize/3/css/autoptimize_single_2db507c6f7d6ad1134378dc868f4cefa.css]
[categorias/developer/index8cd4.html]
[categorias/developer/wp-json/oembed/1.0/embed423b.json]
[categorias/developer/wp-json/oembed/1.0/embeda393]
[categorias/developer/wp-content/cache/autoptimize/3/css/autoptimize_single_4db626ffd1d3f7fdebe7a17f2373464f.css]
[categorias/developer/wp-content/plugins/woocommerce/assets/css/photoswipe/default-skin/default-skin.svg]
[categorias/developer/wp-content/cache/autoptimize/3/css/autoptimize_49a4057f63644341da08f7329657b6b7.css]
[categorias/developer/index7d3e.html]
[categorias/developer/wp-json/oembed/1.0/embedaf44.json]
[categorias/developer/wp-json/oembed/1.0/embed8e24]
[categorias/developer/product-category/web-development/index.html]
[categorias/developer/product-category/web-development/feed/index.html]
[categorias/developer/indexeffc.html]
[categorias/developer/wp-json/oembed/1.0/embed062f.json]
[categorias/developer/wp-json/oembed/1.0/embeddf25]
[categorias/developer/wp-content/cache/autoptimize/3/js/autoptimize_aa5f7053a6831e4ef9a312eeb4fc1a0c.js]
[categorias/developer/shop/index3746.html]
[categorias/developer/shop/indexbc79.html]
[categorias/developer/wp-content/cache/autoptimize/3/js/autoptimize_8de6cb78e597180d5549375261860701.js]
[categorias/developer/wp-content/themes/ryancv/assets/images/quote.svg]
[categorias/developer/xmlrpc0db0.php]
[categorias/developer/author/oleksandr/page/2/index.html]
[categorias/developer/cart/index.html]
[categorias/developer/tag/code/page/2/index.html]
[categorias/developer/wp-content/plugins/woocommerce/assets/fonts/star.eot]
[categorias/developer/tag/code/feed/index.html]
[categorias/developer/tag/html/index.html]
[categorias/developer/tag/html/index.html]
[categorias/developer/tag/plugin/page/2/index.html]
[categorias/developer/tag/wordpress/page/2/index.html]
[categorias/developer/2020/04/page/2/index.html]
[categorias/developer/wp-content/uploads/sites/3/2022/07/avatar2-184x184.png]
[categorias/developer/wp-content/cache/autoptimize/3/css/autoptimize_single_372fadf237f61df19b2d9178ea8ac07a.css]
[categorias/developer/tag/plugin/feed/index.html]
[categorias/developer/tag/html/feed/index.html]
[categorias/developer/wp-content/cache/autoptimize/3/css/autoptimize_single_4db626ffd1d3f7fdebe7a17f2373464f.css]
[categorias/developer/wp-content/plugins/woocommerce/assets/css/photoswipe/default-skin/default-skin.svg]
[categorias/developer/shop/index3746.html]
[categorias/developer/tag/wordpress/feed/index.html]
[categorias/developer/product-category/branding/index.html]
[categorias/developer/wp-content/plugins/ryancv-plugin/elementor/assets/css/style68b3.css]
[categorias/developer/wp-includes/css/dist/block-library/style.min84fc.css]
[bslthemes.com/bslthms-advanced-btns/assets/style84fc.css]
[categorias/developer/wp-content/plugins/contact-form-7/includes/css/styles38d6.css]
[categorias/developer/wp-content/plugins/ryancv-advanced-background/assets/front/custom84fc.css]
[categorias/developer/wp-content/plugins/woocommerce/assets/css/woocommerce-layout8833.css]
[categorias/developer/wp-content/plugins/woocommerce/assets/css/woocommerce-smallscreen8833.css]
[categorias/developer/wp-content/plugins/woocommerce/assets/css/woocommerce8833.css]
[categorias/developer/wp-content/themes/ryancv/style84fc.css]
[categorias/developer/wp-content/themes/ryancv/assets/css/ionicons84fc.css]
[categorias/developer/wp-content/themes/ryancv/assets/css/magnific-popup84fc.css]
[categorias/developer/wp-content/themes/ryancv/assets/css/animate84fc.css]
[categorias/developer/wp-content/plugins/elementor/assets/lib/swiper/v8/css/swiper.min94a4.css]
[categorias/developer/wp-content/themes/ryancv/assets/css/calendar84fc.css]
[categorias/developer/wp-content/themes/ryancv/assets/css/fontawesome-584fc.css]
[categorias/developer/wp-content/themes/ryancv/assets/css/classic5152.css]
[categorias/developer/wp-content/themes/ryancv/assets/css/dark5152.css]
[categorias/developer/wp-includes/js/jquery/jquery.minf43b.js]
[categorias/developer/wp-content/plugins/woocommerce/assets/js/jquery-blockui/jquery.blockUI.min2bc8.js]
[categorias/developer/wp-content/plugins/woocommerce/assets/js/frontend/add-to-cart.min8833.js]
[categorias/developer/wp-content/plugins/woocommerce/assets/js/js-cookie/js.cookie.min0c4a.js]
[categorias/developer/wp-content/plugins/woocommerce/assets/js/frontend/woocommerce.min8833.js]
[categorias/developer/wp-content/plugins/woocommerce/assets/js/frontend/country-select.min8833.js]
[categorias/developer/wp-content/plugins/woocommerce/assets/js/frontend/address-i18n.min8833.js]
[categorias/developer/wp-content/plugins/woocommerce/assets/js/frontend/cart.min8833.js]
[categorias/developer/wp-content/plugins/woocommerce/assets/js/selectWoo/selectWoo.full.min27fb.js]
[categorias/developer/wp-content/plugins/woocommerce/assets/client/blocks/wc-blocks8fea.css]
[categorias/developer/wp-content/plugins/ryancv-plugin/elementor/assets/js/front-end-widgets84fc.js]
[bslthemes.com/bslthms-advanced-btns/assets/script8a54.js]
[categorias/developer/wp-content/plugins/ryancv-advanced-background/assets/front/cyberlines/cyberlines8a54.js]
[categorias/developer/wp-content/plugins/woocommerce/assets/js/sourcebuster/sourcebuster.min8833.js]
[categorias/developer/wp-content/plugins/woocommerce/assets/js/frontend/order-attribution.min8833.js]
[categorias/developer/wp-includes/js/dist/vendor/wp-polyfill-inert.min0226.js]
[categorias/developer/wp-includes/js/dist/vendor/regenerator-runtime.min6c85.js]
[categorias/developer/wp-includes/js/dist/vendor/react.min7a3b.js]
[categorias/developer/wp-includes/js/dist/hooks.min2ebd.js]
[categorias/developer/wp-includes/js/dist/vendor/wp-polyfill.min2c7c.js]
[categorias/developer/wp-includes/js/dist/dom.minbac8.js]
[categorias/developer/wp-includes/js/dist/escape-html.min0311.js]
[categorias/developer/wp-includes/js/dist/element.min0eb1.js]
[categorias/developer/wp-includes/js/dist/is-shallow-equal.mincc0f.js]
[categorias/developer/wp-includes/js/dist/i18n.minf92f.js]
[categorias/developer/wp-includes/js/dist/keycodes.min3d5f.js]
[categorias/developer/wp-includes/js/dist/priority-queue.mind972.js]
[categorias/developer/wp-includes/js/dist/compose.min3e86.js]
[categorias/developer/wp-includes/js/dist/private-apis.min3089.js]
[categorias/developer/wp-includes/js/dist/redux-routine.min9528.js]
[categorias/developer/wp-includes/js/dist/data.min23f6.js]
[categorias/developer/wp-includes/js/dist/vendor/lodash.minf492.js]
[categorias/developer/wp-content/plugins/woocommerce/assets/client/blocks/wc-blocks-registry8d1b.js]
[categorias/developer/wp-includes/js/dist/url.min7dc0.js]
[categorias/developer/wp-includes/js/dist/api-fetch.min471f.js]
[categorias/developer/wp-content/plugins/woocommerce/assets/client/blocks/wc-settings8edc.js]
[categorias/developer/wp-includes/js/dist/data-controls.min0740.js]
[categorias/developer/wp-includes/js/dist/html-entities.min68f0.js]
[categorias/developer/wp-includes/js/dist/notices.min380b.js]
[categorias/developer/wp-content/plugins/woocommerce/assets/client/blocks/wc-blocks-middlewarece2b.js]
[categorias/developer/wp-content/plugins/woocommerce/assets/client/blocks/wc-blocks-data997f.js]
[categorias/developer/wp-includes/js/dist/dom-ready.minded6.js]
[categorias/developer/wp-includes/js/dist/a11y.min866e.js]
[categorias/developer/wp-includes/js/dist/primitives.minfde7.js]
[categorias/developer/wp-includes/js/dist/warning.minb0b0.js]
[categorias/developer/wp-content/plugins/woocommerce/assets/client/blocks/blocks-componentsf69d.js]
[categorias/developer/wp-content/plugins/woocommerce/assets/client/blocks/blocks-checkout297b.js]
[categorias/developer/wp-content/plugins/woocommerce/assets/js/frontend/order-attribution-blocks.min8833.js]
[categorias/developer/wp-content/themes/ryancv/assets/js/ryan-scripts8a54.js]
[categorias/developer/wp-content/plugins/woocommerce/assets/js/jquery-cookie/jquery.cookie.minb709.js]
[categorias/developer/wp-content/themes/ryancv-child/assets/js/ryan-child-scripts8a54.js]
[categorias/developer/wp-content/themes/ryancv/assets/js/skip-link-focus-fix4a7d.js]
[categorias/developer/wp-content/themes/ryancv/assets/js/modernizr.custom8a54.js]
[categorias/developer/wp-content/themes/ryancv/assets/js/magnific-popup8a54.js]
[categorias/developer/wp-content/themes/ryancv/assets/js/jquery.validate8a54.js]
[categorias/developer/wp-content/themes/ryancv/assets/js/imagesloaded.pkgd8a54.js]
[categorias/developer/wp-content/themes/ryancv/assets/js/isotope.pkgd8a54.js]
[categorias/developer/wp-content/themes/ryancv/assets/js/typed8a54.js]
[categorias/developer/wp-content/themes/ryancv/assets/js/swiper8a54.js]
[categorias/developer/wp-content/themes/ryancv/assets/js/rrssb8a54.js]
[categorias/developer/wp-content/themes/ryancv/assets/js/jquery.calendario8a54.js]
[categorias/developer/wp-content/themes/ryancv/assets/js/ajax-portfolio-content5152.js]
[categorias/developer/cart/index.html]
[categorias/developer/index287b.html]
[categorias/developer/wp-json/oembed/1.0/embed72f5]
[categorias/developer/product-category/branding/index.html]
[categorias/developer/product-category/web-development/indexbc79.html]
[categorias/developer/wp-content/plugins/ryancv-plugin/elementor/assets/css/style68b3.css]
[categorias/developer/wp-includes/css/dist/block-library/style.min84fc.css]
[bslthemes.com/bslthms-advanced-btns/assets/style84fc.css]
[categorias/developer/wp-content/plugins/contact-form-7/includes/css/styles38d6.css]
[categorias/developer/wp-content/plugins/ryancv-advanced-background/assets/front/custom84fc.css]
[categorias/developer/product-category/branding/index3746.html]
[categorias/developer/wp-content/plugins/woocommerce/assets/css/woocommerce-layout8833.css]
[categorias/developer/wp-content/plugins/woocommerce/assets/css/woocommerce-smallscreen8833.css]
[categorias/developer/tag/html/page/2/index.html]
[categorias/developer/wp-content/plugins/woocommerce/assets/css/select28833.css]
[categorias/developer/product-category/branding/feed/index.html]
[categorias/developer/wp-content/plugins/woocommerce/assets/fonts/stard41d.eot]
[categorias/developer/wp-content/plugins/woocommerce/assets/fonts/star.woff]
[categorias/developer/wp-content/plugins/woocommerce/assets/fonts/star.ttf]
[categorias/developer/wp-content/plugins/woocommerce/assets/fonts/star.svg]
[categorias/developer/wp-content/plugins/woocommerce/assets/fonts/WooCommerce.eot]
[categorias/developer/wp-content/plugins/woocommerce/assets/fonts/WooCommerced41d.eot]
[categorias/developer/wp-content/plugins/woocommerce/assets/fonts/WooCommerce.woff]
[categorias/developer/wp-content/plugins/woocommerce/assets/fonts/WooCommerce.ttf]
[categorias/developer/wp-content/plugins/woocommerce/assets/fonts/WooCommerce.svg]
[categorias/developer/wp-content/plugins/woocommerce/assets/images/icons/loader.svg]
[categorias/developer/wp-content/plugins/woocommerce/assets/images/icons/credit-cards/visa.svg]
[categorias/developer/wp-content/plugins/woocommerce/assets/images/icons/credit-cards/mastercard.svg]
[categorias/developer/wp-content/plugins/woocommerce/assets/images/icons/credit-cards/laser.svg]
[categorias/developer/wp-content/plugins/woocommerce/assets/images/icons/credit-cards/diners.svg]
[categorias/developer/wp-content/plugins/woocommerce/assets/images/icons/credit-cards/maestro.svg]
[categorias/developer/wp-content/plugins/woocommerce/assets/images/icons/credit-cards/jcb.svg]
[categorias/developer/wp-content/plugins/woocommerce/assets/images/icons/credit-cards/amex.svg]
[categorias/developer/wp-content/plugins/woocommerce/assets/images/icons/credit-cards/discover.svg]
[categorias/developer/wp-content/plugins/woocommerce/assets/css/woocommerce8833.css]
[categorias/developer/wp-content/themes/ryancv/assets/images/pag.png]
[categorias/developer/wp-content/themes/ryancv/assets/images/android-search.png]
[categorias/developer/wp-content/themes/ryancv/assets/images/noise-texture-dark.svg]
[categorias/developer/wp-content/themes/ryancv/style84fc.css]
[categorias/developer/wp-content/themes/ryancv-child/stylef488.css]
[categorias/developer/wp-content/themes/ryancv/assets/css/ionicons84fc.css]
[categorias/developer/wp-content/themes/ryancv/assets/css/magnific-popup84fc.css]
[categorias/developer/wp-content/themes/ryancv/assets/css/animate84fc.css]
[categorias/developer/wp-content/plugins/elementor/assets/lib/swiper/v8/css/swiper.min94a4.css]
[categorias/developer/wp-content/themes/ryancv/assets/css/calendar84fc.css]
[categorias/developer/wp-content/themes/ryancv/assets/fonts/ionicons790f.svg]
[categorias/developer/wp-content/themes/ryancv/assets/webfonts/fa-brands-400.woff2]
[categorias/developer/wp-content/themes/ryancv/assets/webfonts/fa-brands-400.woff]
[categorias/developer/wp-content/themes/ryancv/assets/webfonts/fa-brands-400.ttf]
[categorias/developer/wp-content/themes/ryancv/assets/webfonts/fa-regular-400.eot]
[categorias/developer/wp-content/themes/ryancv/assets/webfonts/fa-regular-400d41d.eot]
[categorias/developer/wp-content/themes/ryancv/assets/webfonts/fa-regular-400.woff2]
[categorias/developer/wp-content/themes/ryancv/assets/webfonts/fa-regular-400.woff]
[categorias/developer/wp-content/themes/ryancv/assets/webfonts/fa-regular-400.ttf]
[categorias/developer/wp-content/themes/ryancv/assets/webfonts/fa-brands-400.svg]
[categorias/developer/wp-content/themes/ryancv/assets/webfonts/fa-regular-400.svg]
[categorias/developer/wp-content/themes/ryancv/assets/webfonts/fa-solid-900.eot]
[categorias/developer/wp-content/themes/ryancv/assets/webfonts/fa-solid-900.woff2]
[categorias/developer/wp-content/themes/ryancv/assets/webfonts/fa-solid-900.woff]
[categorias/developer/wp-content/themes/ryancv/assets/webfonts/fa-solid-900d41d.eot]
[categorias/developer/wp-content/themes/ryancv/assets/css/fontawesome-584fc.css]
[categorias/developer/wp-content/themes/ryancv/assets/css/classic5152.css]
[categorias/developer/wp-content/themes/ryancv/assets/css/dark5152.css]
[categorias/developer/index2df4.html]
[categorias/developer/wp-json/oembed/1.0/embedebd1.json]
[categorias/developer/wp-json/oembed/1.0/embed5112]
[categorias/developer/cart/index938e.html]
[categorias/developer/wp-content/themes/ryancv/assets/webfonts/fa-solid-900.ttf]
[categorias/developer/wp-includes/js/jquery/jquery-migrate.min5589.js]
[categorias/developer/wp-content/plugins/woocommerce/assets/client/blocks/wc-blocks8fea.css]
[categorias/developer/checkout/index.html]
[categorias/developer/wp-content/plugins/ryancv-advanced-background/assets/front/cyberlines/CSSPlugin.min8a54.js]
[categorias/developer/tag/html/page/2/index.html]
[categorias/developer/wp-includes/js/dist/vendor/react-dom.min7a3b.js]
[categorias/developer/product-category/web-development/indexbc79.html]
[categorias/developer/product-category/branding/index3746.html]
[categorias/developer/wp-content/plugins/woocommerce/assets/css/select28833.css]
[categorias/developer/wp-content/plugins/woocommerce/assets/fonts/star.svg]
[categorias/developer/wp-content/plugins/woocommerce/assets/fonts/WooCommerce.svg]
[categorias/developer/wp-content/plugins/woocommerce/assets/images/icons/loader.svg]
[categorias/developer/wp-content/plugins/woocommerce/assets/images/icons/credit-cards/visa.svg]
[categorias/developer/wp-content/plugins/woocommerce/assets/images/icons/credit-cards/mastercard.svg]
[categorias/developer/wp-content/plugins/woocommerce/assets/images/icons/credit-cards/laser.svg]
[categorias/developer/wp-content/plugins/woocommerce/assets/images/icons/credit-cards/diners.svg]
[categorias/developer/wp-content/plugins/woocommerce/assets/images/icons/credit-cards/maestro.svg]
[categorias/developer/wp-content/plugins/woocommerce/assets/images/icons/credit-cards/jcb.svg]
[categorias/developer/wp-content/plugins/woocommerce/assets/images/icons/credit-cards/amex.svg]
[categorias/developer/wp-content/plugins/woocommerce/assets/images/icons/credit-cards/discover.svg]
[categorias/developer/wp-content/themes/ryancv/assets/images/noise-texture-dark.svg]
[categorias/developer/wp-content/themes/ryancv-child/stylef488.css]
[categorias/developer/wp-content/themes/ryancv/assets/webfonts/fa-solid-900.svg]
[categorias/developer/wp-content/themes/ryancv/assets/fonts/ionicons790f.svg]
[categorias/developer/wp-content/themes/ryancv/assets/webfonts/fa-brands-400.svg]
[categorias/developer/wp-content/themes/ryancv/assets/webfonts/fa-regular-400.svg]
[categorias/developer/wp-content/themes/ryancv/assets/webfonts/fa-solid-900.svg]
[categorias/developer/wp-includes/js/dist/deprecated.min664b.js]
[categorias/developer/cart/indexaafe.html]
[categorias/developer/cart/index7792.html]
[categorias/developer/wp-content/themes/ryancv/assets/fonts/ionicons790f.ttf]
[categorias/developer/checkout/index.html]
[categorias/developer/wp-content/themes/ryancv/assets/fonts/ionicons790f.woff]
[categorias/developer/wp-content/themes/ryancv/assets/webfonts/fa-brands-400d41d.eot]
[categorias/developer/indexb5fb.html]
[categorias/developer/wp-json/oembed/1.0/embedc387.json]
[categorias/developer/wp-content/plugins/ryancv-advanced-background/assets/front/cyberlines/TweenLite.min8a54.js]
[categorias/developer/wp-content/plugins/woocommerce/assets/js/frontend/checkout.min8833.js]
[categorias/developer/cart/indexf4a8.html]
[categorias/developer/wp-json/oembed/1.0/embed4daf]
